[2025-10-03 15:08:03] local.INFO: DocumentCollection DEBUG - type_document_id: 4, type_document_name: Factura de Venta Nacional  
[2025-10-03 15:08:03] local.INFO: DocumentCollection - Asignando FES para documento: Factura de Venta Nacional  
[2025-10-03 15:08:03] local.INFO: DocumentCollection DEBUG - type_document_id: 2, type_document_name: Nota débito  
[2025-10-03 15:08:03] local.INFO: DocumentCollection - Detectado 'nota débito' en nombre, asignando NDS  
[2025-10-03 15:08:03] local.INFO: DocumentCollection DEBUG - type_document_id: 24, type_document_name: Nota Crédito  
[2025-10-03 15:08:03] local.INFO: DocumentCollection - Detectado 'nota crédito' en nombre, asignando NCS  
[2025-10-03 15:08:03] local.INFO: DocumentCollection DEBUG - type_document_id: 3, type_document_name: Nota crédito  
[2025-10-03 15:08:03] local.INFO: DocumentCollection - Detectado 'nota crédito' en nombre, asignando NCS  
[2025-10-03 15:08:03] local.INFO: DocumentCollection DEBUG - type_document_id: 2, type_document_name: Nota débito  
[2025-10-03 15:08:03] local.INFO: DocumentCollection - Detectado 'nota débito' en nombre, asignando NDS  
[2025-10-03 15:08:03] local.INFO: DocumentCollection DEBUG - type_document_id: 4, type_document_name: Factura de Venta Nacional  
[2025-10-03 15:08:03] local.INFO: DocumentCollection - Asignando FES para documento: Factura de Venta Nacional  
[2025-10-03 15:08:03] local.INFO: DocumentCollection DEBUG - type_document_id: 4, type_document_name: Factura de Venta Nacional  
[2025-10-03 15:08:03] local.INFO: DocumentCollection - Asignando FES para documento: Factura de Venta Nacional  
[2025-10-03 15:08:03] local.INFO: DocumentCollection DEBUG - type_document_id: 24, type_document_name: Nota Crédito  
[2025-10-03 15:08:03] local.INFO: DocumentCollection - Detectado 'nota crédito' en nombre, asignando NCS  
[2025-10-03 15:08:03] local.INFO: DocumentCollection DEBUG - type_document_id: 4, type_document_name: Factura de Venta Nacional  
[2025-10-03 15:08:03] local.INFO: DocumentCollection - Asignando FES para documento: Factura de Venta Nacional  
[2025-10-03 15:08:03] local.INFO: DocumentCollection DEBUG - type_document_id: 24, type_document_name: Nota Crédito  
[2025-10-03 15:08:03] local.INFO: DocumentCollection - Detectado 'nota crédito' en nombre, asignando NCS  
[2025-10-03 15:08:03] local.INFO: DocumentCollection DEBUG - type_document_id: 4, type_document_name: Factura de Venta Nacional  
[2025-10-03 15:08:03] local.INFO: DocumentCollection - Asignando FES para documento: Factura de Venta Nacional  
[2025-10-03 15:08:03] local.INFO: DocumentCollection DEBUG - type_document_id: 24, type_document_name: Nota Crédito  
[2025-10-03 15:08:03] local.INFO: DocumentCollection - Detectado 'nota crédito' en nombre, asignando NCS  
[2025-10-03 15:08:03] local.INFO: DocumentCollection DEBUG - type_document_id: 24, type_document_name: Nota Crédito  
[2025-10-03 15:08:03] local.INFO: DocumentCollection - Detectado 'nota crédito' en nombre, asignando NCS  
[2025-10-03 15:08:03] local.INFO: DocumentCollection DEBUG - type_document_id: 24, type_document_name: Nota Crédito  
[2025-10-03 15:08:03] local.INFO: DocumentCollection - Detectado 'nota crédito' en nombre, asignando NCS  
[2025-10-03 15:08:03] local.INFO: DocumentCollection DEBUG - type_document_id: 24, type_document_name: Nota Crédito  
[2025-10-03 15:08:03] local.INFO: DocumentCollection - Detectado 'nota crédito' en nombre, asignando NCS  
[2025-10-03 15:08:03] local.INFO: DocumentCollection DEBUG - type_document_id: 24, type_document_name: Nota Crédito  
[2025-10-03 15:08:03] local.INFO: DocumentCollection - Detectado 'nota crédito' en nombre, asignando NCS  
[2025-10-03 15:08:03] local.INFO: DocumentCollection DEBUG - type_document_id: 24, type_document_name: Nota Crédito  
[2025-10-03 15:08:03] local.INFO: DocumentCollection - Detectado 'nota crédito' en nombre, asignando NCS  
[2025-10-03 15:08:03] local.INFO: DocumentCollection DEBUG - type_document_id: 4, type_document_name: Factura de Venta Nacional  
[2025-10-03 15:08:03] local.INFO: DocumentCollection - Asignando FES para documento: Factura de Venta Nacional  
[2025-10-03 15:08:03] local.INFO: DocumentCollection DEBUG - type_document_id: 4, type_document_name: Factura de Venta Nacional  
[2025-10-03 15:08:03] local.INFO: DocumentCollection - Asignando FES para documento: Factura de Venta Nacional  
[2025-10-03 15:08:03] local.INFO: DocumentCollection DEBUG - type_document_id: 4, type_document_name: Factura de Venta Nacional  
[2025-10-03 15:08:03] local.INFO: DocumentCollection - Asignando FES para documento: Factura de Venta Nacional  
