[2025-09-20 10:37:22] local.INFO: BACKUP: Iniciando proceso de backup del sistema completo  
[2025-09-20 10:37:22] local.INFO: BACKUP: Directorio temporal creado: C:\laragon\www\facturadorpro2\storage\app/system_backups/temp_system_backup_2025-09-20_10-37-22  
[2025-09-20 10:37:23] local.INFO: BACKUP: Iniciando backup de 2 tenants en lotes de 10  
[2025-09-20 10:37:23] local.INFO: BACKUP: Procesando lote 1/1 (2 tenants)  
[2025-09-20 10:37:23] local.INFO: BACKUP: [1/2] Procesando tenant: torres  
[2025-09-20 10:37:29] local.INFO: BACKUP: [1/2] Tenant torres backup exitoso  
[2025-09-20 10:37:29] local.INFO: BACKUP: [2/2] Procesando tenant: eli  
[2025-09-20 10:37:35] local.INFO: BACKUP: [2/2] Tenant eli backup exitoso  
[2025-09-20 10:37:35] local.INFO: BACKUP: Lote 1 completado  
[2025-09-20 10:37:35] local.INFO: BACKUP: Backup de tenants completado (2/2 exitosos)  
[2025-09-20 10:37:35] local.INFO: Starting backup of storage and public folders  
[2025-09-20 10:37:35] local.INFO: Storage folder backed up successfully  
[2025-09-20 10:37:47] local.INFO: Public folder backed up successfully  
[2025-09-20 10:37:47] local.INFO: BACKUP: Creando archivo ZIP final  
[2025-09-20 10:38:13] local.ERROR: Uncaught Error: Call to undefined method App\Http\Kernel::getRouteMiddleware() in Command line code:1
Stack trace:
#0 {main}
  thrown {"exception":"[object] (Symfony\\Component\\Debug\\Exception\\FatalErrorException(code: 1): Uncaught Error: Call to undefined method App\\Http\\Kernel::getRouteMiddleware() in Command line code:1
Stack trace:
#0 {main}
  thrown at Command line code:1)
[stacktrace]
#0 {main}
"} 
[2025-09-20 10:39:08] local.INFO: BACKUP: Archivo ZIP creado exitosamente - Tamaño: 54.42 MB  
[2025-09-20 10:39:08] local.INFO: BACKUP: Limpiando directorio temporal  
[2025-09-20 10:39:10] local.INFO: BACKUP: Proceso de backup completado exitosamente  
[2025-09-20 10:42:31] local.DEBUG: "a9089a86fcdaf0af5085a8f5b37b33b4fabe9e23f2045c7060206e4cfe1e8f22"  
