<<<<<<< HEAD
[2025-09-30 16:05:29] local.ERROR: Uncaught Error: Call to undefined method App\Http\Kernel::getRouteMiddleware() in Command line code:1
Stack trace:
#0 {main}
  thrown {"exception":"[object] (Symfony\\Component\\Debug\\Exception\\FatalErrorException(code: 1): Uncaught Error: Call to undefined method App\\Http\\Kernel::getRouteMiddleware() in Command line code:1
Stack trace:
#0 {main}
  thrown at Command line code:1)
[stacktrace]
#0 {main}
"} 
=======
[2025-09-30 09:15:58] local.DEBUG: pdf.default.quotation_a4  
[2025-09-30 09:16:19] local.DEBUG: pdf.default.quotation_a4  
[2025-09-30 09:22:26] local.DEBUG: pdf.default.quotation_a4  
[2025-09-30 09:22:37] local.DEBUG: pdf.default.quotation_ticket  
[2025-09-30 09:22:44] local.DEBUG: pdf.default.quotation_a5  
[2025-09-30 09:22:49] local.DEBUG: pdf.default.quotation_a4  
[2025-09-30 09:23:02] local.DEBUG: pdf.default.quotation_a4  
[2025-09-30 09:24:12] local.DEBUG: pdf.default.quotation_a4  
[2025-09-30 09:24:23] local.DEBUG: pdf.default.quotation_a4  
[2025-09-30 09:24:30] local.DEBUG: pdf.default.quotation_a5  
[2025-09-30 09:26:32] local.DEBUG: pdf.default.quotation_a4  
[2025-09-30 09:34:05] local.DEBUG: pdf.default.quotation_a4  
[2025-09-30 09:34:33] local.DEBUG: pdf.default.quotation_a4  
[2025-09-30 09:38:55] local.DEBUG: pdf.default.quotation_a4  
[2025-09-30 09:39:03] local.DEBUG: pdf.default.quotation_a4  
>>>>>>> aa3775e57d08984e450e5b9c138890d9ced057d9
